// Jest Snapshot v1, https://goo.gl/fbAQLP

exports[`renders correctly 1`] = `
<View
  style={
    Array [
      Object {
        "flex": 1,
      },
      Object {
        "flexDirection": "row",
        "justifyContent": "center",
      },
      Object {
        "marginHorizontal": 15,
      },
      Object {
        "marginVertical": 15,
      },
    ]
  }
>
  <View
    style={
      Object {
        "flex": 1,
        "flexDirection": "column",
      }
    }
  >
    <View
      style={
        Object {
          "paddingVertical": 15,
        }
      }
    >
      <Text
        style={
          Object {
            "fontSize": 42.5,
          }
        }
        theme={
          Object {
            "colors": Object {
              "disabled": "hsl(208, 8%, 90%)",
              "divider": "#bcbbc1",
              "error": "#ff190c",
              "grey0": "#393e42",
              "grey1": "#43484d",
              "grey2": "#5e6977",
              "grey3": "#86939e",
              "grey4": "#bdc6cf",
              "grey5": "#e1e8ee",
              "greyOutline": "#bbb",
              "platform": Object {
                "android": Object {
                  "error": "#f44336",
                  "primary": "#2196f3",
                  "secondary": "#9C27B0",
                  "success": "#4caf50",
                  "warning": "#ffeb3b",
                },
                "ios": Object {
                  "error": "#ff3b30",
                  "primary": "#007aff",
                  "secondary": "#5856d6",
                  "success": "#4cd964",
                  "warning": "#ffcc00",
                },
              },
              "primary": "#2089dc",
              "searchBg": "#303337",
              "secondary": "#8F0CE8",
              "success": "#52c41a",
              "warning": "#faad14",
            },
          }
        }
      >
        Product Search
      </Text>
    </View>
    <View
      style={
        Object {
          "paddingVertical": 15,
        }
      }
    >
      <View>
        <View
          style={
            Object {
              "position": "relative",
            }
          }
        >
          <View>
            <View
              style={
                Object {
                  "paddingHorizontal": 10,
                  "paddingLeft": 0,
                  "paddingRight": 75,
                  "width": "100%",
                }
              }
            >
              <View
                style={
                  Object {
                    "alignItems": "center",
                    "borderBottomWidth": 1,
                    "borderColor": "#e1e1e1",
                    "borderWidth": 2,
                    "flexDirection": "row",
                    "transform": Array [
                      Object {
                        "translateX": 0,
                      },
                    ],
                  }
                }
              >
                <TextInput
                  allowFontScaling={true}
                  editable={true}
                  onChangeText={[Function]}
                  placeholder="Enter keywords..."
                  rejectResponderTermination={true}
                  style={
                    Object {
                      "alignSelf": "center",
                      "color": "black",
                      "flex": 1,
                      "fontSize": 18,
                      "height": 0,
                      "minHeight": 40,
                      "paddingHorizontal": 15,
                    }
                  }
                  testID="RNE__Input__text-input"
                  underlineColorAndroid="transparent"
                />
              </View>
              <Text
                style={
                  Object {
                    "color": "#ff190c",
                    "fontSize": 12,
                    "height": 0,
                    "margin": 0,
                  }
                }
              />
            </View>
          </View>
          <View
            style={
              Object {
                "height": "100%",
                "position": "absolute",
                "right": 0,
                "top": 0,
                "width": 75,
              }
            }
          >
            <View
              style={
                Object {
                  "borderRadius": 0,
                  "overflow": "hidden",
                }
              }
            >
              <View
                accessibilityRole="button"
                accessibilityState={
                  Object {
                    "busy": false,
                    "disabled": false,
                  }
                }
                accessible={true}
                focusable={true}
                isTVSelectable={true}
                onClick={[Function]}
                onResponderGrant={[Function]}
                onResponderMove={[Function]}
                onResponderRelease={[Function]}
                onResponderTerminate={[Function]}
                onResponderTerminationRequest={[Function]}
                onStartShouldSetResponder={[Function]}
                style={
                  Object {
                    "opacity": 1,
                  }
                }
              >
                <View
                  style={
                    Object {
                      "alignItems": "center",
                      "backgroundColor": "#2089dc",
                      "borderColor": "#2089dc",
                      "borderRadius": 0,
                      "borderWidth": 0,
                      "flexDirection": "row",
                      "height": "100%",
                      "justifyContent": "center",
                      "padding": 8,
                      "paddingVertical": 0,
                    }
                  }
                >
                  <Text
                    allowFontScaling={false}
                    style={
                      Array [
                        Object {
                          "color": "#ffffff",
                          "fontSize": 15,
                        },
                        undefined,
                        Object {
                          "fontFamily": "FontAwesome",
                          "fontStyle": "normal",
                          "fontWeight": "normal",
                        },
                        Object {},
                      ]
                    }
                  >
                    ï€‚
                  </Text>
                </View>
              </View>
            </View>
          </View>
        </View>
      </View>
    </View>
  </View>
</View>
`;
