// Jest Snapshot v1, https://goo.gl/fbAQLP

exports[`renders correctly 1`] = `
<View>
  <View
    style={
      Object {
        "position": "relative",
      }
    }
  >
    <View>
      <View
        style={
          Object {
            "paddingHorizontal": 10,
            "paddingLeft": 0,
            "paddingRight": 75,
            "width": "100%",
          }
        }
      >
        <View
          style={
            Object {
              "alignItems": "center",
              "borderBottomWidth": 1,
              "borderColor": "#e1e1e1",
              "borderWidth": 2,
              "flexDirection": "row",
              "transform": Array [
                Object {
                  "translateX": 0,
                },
              ],
            }
          }
        >
          <TextInput
            allowFontScaling={true}
            editable={true}
            onChangeText={[Function]}
            placeholder="Enter keywords..."
            rejectResponderTermination={true}
            style={
              Object {
                "alignSelf": "center",
                "color": "black",
                "flex": 1,
                "fontSize": 18,
                "height": 0,
                "minHeight": 40,
                "paddingHorizontal": 15,
              }
            }
            testID="RNE__Input__text-input"
            underlineColorAndroid="transparent"
          />
        </View>
        <Text
          style={
            Object {
              "color": "#ff190c",
              "fontSize": 12,
              "height": 0,
              "margin": 0,
            }
          }
        />
      </View>
    </View>
    <View
      style={
        Object {
          "height": "100%",
          "position": "absolute",
          "right": 0,
          "top": 0,
          "width": 75,
        }
      }
    >
      <View
        style={
          Object {
            "borderRadius": 0,
            "overflow": "hidden",
          }
        }
      >
        <View
          accessibilityRole="button"
          accessibilityState={
            Object {
              "busy": false,
              "disabled": false,
            }
          }
          accessible={true}
          focusable={true}
          isTVSelectable={true}
          onClick={[Function]}
          onResponderGrant={[Function]}
          onResponderMove={[Function]}
          onResponderRelease={[Function]}
          onResponderTerminate={[Function]}
          onResponderTerminationRequest={[Function]}
          onStartShouldSetResponder={[Function]}
          style={
            Object {
              "opacity": 1,
            }
          }
        >
          <View
            style={
              Object {
                "alignItems": "center",
                "backgroundColor": "#2089dc",
                "borderColor": "#2089dc",
                "borderRadius": 0,
                "borderWidth": 0,
                "flexDirection": "row",
                "height": "100%",
                "justifyContent": "center",
                "padding": 8,
                "paddingVertical": 0,
              }
            }
          >
            <Text
              allowFontScaling={false}
              style={
                Array [
                  Object {
                    "color": "#ffffff",
                    "fontSize": 15,
                  },
                  undefined,
                  Object {
                    "fontFamily": "FontAwesome",
                    "fontStyle": "normal",
                    "fontWeight": "normal",
                  },
                  Object {},
                ]
              }
            >
              ï€‚
            </Text>
          </View>
        </View>
      </View>
    </View>
  </View>
</View>
`;
